============================= test session starts ==============================
platform linux -- Python 3.12.3, pytest-9.0.2, pluggy-1.6.0
rootdir: /mnt/e/Project/primerlab-genomic
configfile: pyproject.toml
collected 0 items / 1 error

==================================== ERRORS ====================================
___________________ ERROR collecting tests/test_insilico.py ____________________
ImportError while importing test module '/mnt/e/Project/primerlab-genomic/tests/test_insilico.py'.
Hint: make sure your test modules/packages have valid Python names.
Traceback:
/usr/lib/python3.12/importlib/__init__.py:90: in import_module
    return _bootstrap._gcd_import(name[level:], package, level)
           ^^^^^^^^^^^^^^^^^^^^^^^^^^^^^^^^^^^^^^^^^^^^^^^^^^^^
tests/test_insilico.py:8: in <module>
    from primerlab.core.insilico.engine import (
primerlab/core/insilico/__init__.py:7: in <module>
    from primerlab.core.insilico.engine import InsilicoPCR, run_insilico_pcr
primerlab/core/insilico/engine.py:14: in <module>
    from primerlab.core.sequence import Sequence
E   ImportError: cannot import name 'Sequence' from 'primerlab.core.sequence' (/mnt/e/Project/primerlab-genomic/primerlab/core/sequence.py)
=========================== short test summary info ============================
ERROR tests/test_insilico.py
!!!!!!!!!!!!!!!!!!!! Interrupted: 1 error during collection !!!!!!!!!!!!!!!!!!!!
=============================== 1 error in 0.55s ===============================
